Testing rewriteBio with profession: Architectural Designer...
npx : 
At line:1 char:1
+ npx tsx 
verify-fix.js > 
test_output.txt 2>&1
+ ~~~~~~~~~~~~~~~~~~~
~~~~~~~~~~~~~~~~~~~~~
~~~~
    + CategoryInfo   
           : 
NotSpecified: (:    
String) [], 
RemoteExc    eption
    + 
FullyQualifiedError  
  Id : 
NativeCommandErr    
or
 
--- FAILURE ---
Error: 
[GoogleGenerativeAI 
Error]: Error 
fetching from https:/
/generativelanguage.g
oogleapis.com/v1/mode
ls/gemini-1.5-flash:g
enerateContent: [400 
Bad Request] API key 
not valid. Please 
pass a valid API 
key. [{"@type":"type.
googleapis.com/google
.rpc.ErrorInfo","reas
on":"API_KEY_INVALID"
,"domain":"googleapis
.com","metadata":{"se
rvice":"generativelan
guage.googleapis.com"
}},{"@type":"type.goo
gleapis.com/google.rp
c.LocalizedMessage","
locale":"en-US","mess
age":"API key not 
valid. Please pass a 
valid API key."}]
----------------

